// Jest Snapshot v1, https://goo.gl/fbAQLP

exports[`Login component Matches the snapshot 1`] = `
<div
  className="account-pages mt-5 mb-5"
>
  <div
    className="container"
  >
    <div
      className="row justify-content-center"
    >
      <div
        className="col-lg-10"
      >
        <div
          className="card"
        >
          <div
            className="card-header pt-4 pb-4 text-center"
          >
            <div
              className="text-center w-75 m-auto"
            >
              <p
                className="text-dark-50 text-center mt-0"
                style={
                  Object {
                    "fontSize": "30px",
                    "fontWeight": "100 !important",
                  }
                }
              >
                <span
                  style={
                    Object {
                      "color": "#040404",
                    }
                  }
                >
                  Medici
                </span>
                 
                <span
                  style={
                    Object {
                      "color": "#e26720",
                    }
                  }
                >
                  NOS
                </span>
              </p>
              <p
                className="text-muted mb-4"
              >
                Please login to your account
              </p>
            </div>
            <form
              action="#"
              className="av-valid"
              method="get"
              noValidate={true}
              onKeyDown={[Function]}
              onSubmit={[Function]}
            >
              <div
                className="form-group"
              >
                <input
                  className="is-untouched is-pristine av-valid form-control"
                  id="username"
                  name="username"
                  onBlur={[Function]}
                  onChange={[Function]}
                  onFocus={[Function]}
                  onInput={[Function]}
                  onKeyUp={[Function]}
                  placeholder="Username"
                  style={
                    Object {
                      "borderLeft": "0px",
                      "borderRight": "0px",
                      "borderTop": "0px",
                      "height": "45px",
                    }
                  }
                  type="text"
                  value=""
                />
              </div>
              <div
                className="form-group"
              >
                <input
                  className="is-untouched is-pristine av-valid form-control"
                  id="password"
                  name="password"
                  onBlur={[Function]}
                  onChange={[Function]}
                  onFocus={[Function]}
                  onInput={[Function]}
                  onKeyUp={[Function]}
                  placeholder="Password"
                  style={
                    Object {
                      "borderLeft": "0px",
                      "borderRight": "0px",
                      "borderTop": "0px",
                      "height": "45px",
                    }
                  }
                  type="password"
                  value=""
                />
                <div
                  className="valid-feedback"
                >
                  This field is invalid
                </div>
              </div>
              <div
                className="text-center form-group"
              >
                <button
                  aria-label={null}
                  className="btn btn-secondary"
                  onClick={[Function]}
                  style={
                    Object {
                      "background": "radial-gradient(#18635c,50%, #071b19)",
                      "borderBottomLeftRadius": "30px",
                      "borderBottomRightRadius": "30px",
                      "borderTopLeftRadius": "30px",
                      "borderTopRightRadius": "30px",
                      "height": "50px",
                      "width": "200px",
                    }
                  }
                >
                  Submit
                </button>
              </div>
            </form>
          </div>
        </div>
      </div>
    </div>
  </div>
</div>
`;
