// Jest Snapshot v1, https://goo.gl/fbAQLP

exports[`Report component Matches the snapshot 1`] = `
<div
  className="accordion"
  data-accordion-component="Accordion"
/>
`;
